AR dl behavioral /home/abraham/Desktop/test/calculator/clk_filter.vhdl sub00/vhpl15 1495269711
EN dff NULL /home/abraham/Desktop/test/calculator/clk_filter.vhdl sub00/vhpl12 1495269708
AR full_adder structural /home/abraham/Desktop/test/calculator/addsub_8bit.vhdl sub00/vhpl07 1495269703
EN dl NULL /home/abraham/Desktop/test/calculator/clk_filter.vhdl sub00/vhpl14 1495269710
AR mod_32768_divider behavioral /home/abraham/Desktop/test/calculator/MOD_32768_counter.vhd sub00/vhpl21 1495269715
EN half_adder NULL /home/abraham/Desktop/test/calculator/addsub_8bit.vhdl sub00/vhpl08 1495269704
EN addsub_8bit NULL /home/abraham/Desktop/test/calculator/addsub_8bit.vhdl sub00/vhpl02 1495269698
AR addsub_8bit structural /home/abraham/Desktop/test/calculator/addsub_8bit.vhdl sub00/vhpl03 1495269699
EN mod_32768_divider NULL /home/abraham/Desktop/test/calculator/MOD_32768_counter.vhd sub00/vhpl20 1495269714
EN debounce NULL /home/abraham/Desktop/test/calculator/debouncer.vhd sub00/vhpl18 1495269712
AR calculator structural /home/abraham/Desktop/test/calculator/calculator.vhdl sub00/vhpl17 1495269721
EN calculator NULL /home/abraham/Desktop/test/calculator/calculator.vhdl sub00/vhpl16 1495269720
EN reg_file NULL /home/abraham/Desktop/test/calculator/reg_file.vhdl sub00/vhpl00 1495269696
EN adder_8bit NULL /home/abraham/Desktop/test/calculator/addsub_8bit.vhdl sub00/vhpl04 1495269700
EN full_adder NULL /home/abraham/Desktop/test/calculator/addsub_8bit.vhdl sub00/vhpl06 1495269702
AR adder_8bit structural /home/abraham/Desktop/test/calculator/addsub_8bit.vhdl sub00/vhpl05 1495269701
AR debounce behavioral /home/abraham/Desktop/test/calculator/debouncer.vhd sub00/vhpl19 1495269713
EN bcd_decoder NULL /home/abraham/Desktop/test/calculator/BCD_decoder.vhd sub00/vhpl24 1495269718
AR dff behavioral /home/abraham/Desktop/test/calculator/clk_filter.vhdl sub00/vhpl13 1495269709
EN clk_filter NULL /home/abraham/Desktop/test/calculator/clk_filter.vhdl sub00/vhpl10 1495269706
AR mod_4_counter behavioral /home/abraham/Desktop/test/calculator/MOD_4_counter.vhd sub00/vhpl23 1495269717
AR bcd_decoder behavioral /home/abraham/Desktop/test/calculator/BCD_decoder.vhd sub00/vhpl25 1495269719
AR half_adder behavioral /home/abraham/Desktop/test/calculator/addsub_8bit.vhdl sub00/vhpl09 1495269705
AR clk_filter structural /home/abraham/Desktop/test/calculator/clk_filter.vhdl sub00/vhpl11 1495269707
AR reg_file behavioral /home/abraham/Desktop/test/calculator/reg_file.vhdl sub00/vhpl01 1495269697
EN mod_4_counter NULL /home/abraham/Desktop/test/calculator/MOD_4_counter.vhd sub00/vhpl22 1495269716
