AR dl behavioral /home/abraham/Desktop/test/calculator/clk_filter.vhdl sub00/vhpl15 1495331688
EN dff NULL /home/abraham/Desktop/test/calculator/clk_filter.vhdl sub00/vhpl12 1495331685
AR full_adder structural /home/abraham/Desktop/test/calculator/addsub_8bit.vhdl sub00/vhpl07 1495331680
EN dl NULL /home/abraham/Desktop/test/calculator/clk_filter.vhdl sub00/vhpl14 1495331687
AR mod_32768_divider behavioral /home/abraham/Desktop/test/calculator/MOD_32768_counter.vhd sub00/vhpl21 1495331692
EN half_adder NULL /home/abraham/Desktop/test/calculator/addsub_8bit.vhdl sub00/vhpl08 1495331681
EN addsub_8bit NULL /home/abraham/Desktop/test/calculator/addsub_8bit.vhdl sub00/vhpl02 1495331675
AR addsub_8bit structural /home/abraham/Desktop/test/calculator/addsub_8bit.vhdl sub00/vhpl03 1495331676
EN mod_32768_divider NULL /home/abraham/Desktop/test/calculator/MOD_32768_counter.vhd sub00/vhpl20 1495331691
EN debounce NULL /home/abraham/Desktop/test/calculator/debouncer.vhd sub00/vhpl18 1495331689
AR calculator structural /home/abraham/Desktop/test/calculator/calculator.vhdl sub00/vhpl17 1495331698
EN calculator NULL /home/abraham/Desktop/test/calculator/calculator.vhdl sub00/vhpl16 1495331697
EN reg_file NULL /home/abraham/Desktop/test/calculator/reg_file.vhdl sub00/vhpl00 1495331673
EN adder_8bit NULL /home/abraham/Desktop/test/calculator/addsub_8bit.vhdl sub00/vhpl04 1495331677
EN full_adder NULL /home/abraham/Desktop/test/calculator/addsub_8bit.vhdl sub00/vhpl06 1495331679
AR adder_8bit structural /home/abraham/Desktop/test/calculator/addsub_8bit.vhdl sub00/vhpl05 1495331678
AR debounce behavioral /home/abraham/Desktop/test/calculator/debouncer.vhd sub00/vhpl19 1495331690
EN bcd_decoder NULL /home/abraham/Desktop/test/calculator/BCD_decoder.vhd sub00/vhpl24 1495331695
AR dff behavioral /home/abraham/Desktop/test/calculator/clk_filter.vhdl sub00/vhpl13 1495331686
EN clk_filter NULL /home/abraham/Desktop/test/calculator/clk_filter.vhdl sub00/vhpl10 1495331683
AR mod_4_counter behavioral /home/abraham/Desktop/test/calculator/MOD_4_counter.vhd sub00/vhpl23 1495331694
AR bcd_decoder behavioral /home/abraham/Desktop/test/calculator/BCD_decoder.vhd sub00/vhpl25 1495331696
AR half_adder behavioral /home/abraham/Desktop/test/calculator/addsub_8bit.vhdl sub00/vhpl09 1495331682
AR clk_filter structural /home/abraham/Desktop/test/calculator/clk_filter.vhdl sub00/vhpl11 1495331684
AR reg_file behavioral /home/abraham/Desktop/test/calculator/reg_file.vhdl sub00/vhpl01 1495331674
EN mod_4_counter NULL /home/abraham/Desktop/test/calculator/MOD_4_counter.vhd sub00/vhpl22 1495331693
