V3 46
FL /home/abraham/Desktop/test/calculator/addsub_8bit.vhdl 2017/05/20.04:41:11 P.20131013
EN work/addsub_8bit 1495303264 \
      FL /home/abraham/Desktop/test/calculator/addsub_8bit.vhdl \
      PB ieee/std_logic_1164 1381692176
AR work/addsub_8bit/structural 1495303265 \
      FL /home/abraham/Desktop/test/calculator/addsub_8bit.vhdl \
      EN work/addsub_8bit 1495303264 CP adder_8bit
EN work/adder_8bit 1495303266 \
      FL /home/abraham/Desktop/test/calculator/addsub_8bit.vhdl \
      PB ieee/std_logic_1164 1381692176
AR work/adder_8bit/structural 1495303267 \
      FL /home/abraham/Desktop/test/calculator/addsub_8bit.vhdl \
      EN work/adder_8bit 1495303266 CP full_adder
EN work/full_adder 1495303268 \
      FL /home/abraham/Desktop/test/calculator/addsub_8bit.vhdl \
      PB ieee/std_logic_1164 1381692176
AR work/full_adder/structural 1495303269 \
      FL /home/abraham/Desktop/test/calculator/addsub_8bit.vhdl \
      EN work/full_adder 1495303268 CP half_adder
EN work/half_adder 1495303270 \
      FL /home/abraham/Desktop/test/calculator/addsub_8bit.vhdl \
      PB ieee/std_logic_1164 1381692176
AR work/half_adder/behavioral 1495303271 \
      FL /home/abraham/Desktop/test/calculator/addsub_8bit.vhdl \
      EN work/half_adder 1495303270
FL /home/abraham/Desktop/test/calculator/BCD_decoder.vhd 2017/05/20.13:58:03 P.20131013
EN work/BCD_decoder 1495303284 \
      FL /home/abraham/Desktop/test/calculator/BCD_decoder.vhd \
      PB ieee/std_logic_1164 1381692176
AR work/BCD_decoder/Behavioral 1495303285 \
      FL /home/abraham/Desktop/test/calculator/BCD_decoder.vhd \
      EN work/BCD_decoder 1495303284
FL /home/abraham/Desktop/test/calculator/calculator.vhdl 2017/05/20.13:59:10 P.20131013
EN work/calculator 1495303286 \
      FL /home/abraham/Desktop/test/calculator/calculator.vhdl \
      PB ieee/std_logic_1164 1381692176 PB ieee/NUMERIC_STD 1381692181
AR work/calculator/structural 1495303287 \
      FL /home/abraham/Desktop/test/calculator/calculator.vhdl EN work/calculator 1495303286 \
      CP reg_file CP addsub_8bit CP clk_filter CP Debounce CP MOD_32768_divider \
      CP MOD_4_counter CP BCD_decoder
FL /home/abraham/Desktop/test/calculator/clk_filter.vhdl 2017/05/20.05:44:04 P.20131013
EN work/clk_filter 1495303272 \
      FL /home/abraham/Desktop/test/calculator/clk_filter.vhdl \
      PB ieee/std_logic_1164 1381692176
AR work/clk_filter/structural 1495303273 \
      FL /home/abraham/Desktop/test/calculator/clk_filter.vhdl EN work/clk_filter 1495303272 \
      CP dff CP dl
EN work/dff 1495303274 \
      FL /home/abraham/Desktop/test/calculator/clk_filter.vhdl \
      PB ieee/std_logic_1164 1381692176
AR work/dff/behavioral 1495303275 \
      FL /home/abraham/Desktop/test/calculator/clk_filter.vhdl EN work/dff 1495303274
EN work/dl 1495303276 \
      FL /home/abraham/Desktop/test/calculator/clk_filter.vhdl \
      PB ieee/std_logic_1164 1381692176
AR work/dl/behavioral 1495303277 \
      FL /home/abraham/Desktop/test/calculator/clk_filter.vhdl EN work/dl 1495303276
FL /home/abraham/Desktop/test/calculator/debouncer.vhd 2017/05/20.03:03:14 P.20131013
EN work/Debounce 1495303278 \
      FL /home/abraham/Desktop/test/calculator/debouncer.vhd \
      PB ieee/std_logic_1164 1381692176 PB ieee/std_logic_arith 1381692177 \
      PB ieee/STD_LOGIC_UNSIGNED 1381692179
AR work/Debounce/Behavioral 1495303279 \
      FL /home/abraham/Desktop/test/calculator/debouncer.vhd EN work/Debounce 1495303278
FL /home/abraham/Desktop/test/calculator/MOD_32768_counter.vhd 2015/05/14.18:38:57 P.20131013
EN work/MOD_32768_divider 1495303280 \
      FL /home/abraham/Desktop/test/calculator/MOD_32768_counter.vhd \
      PB ieee/std_logic_1164 1381692176 PB ieee/STD_LOGIC_UNSIGNED 1381692179
AR work/MOD_32768_divider/Behavioral 1495303281 \
      FL /home/abraham/Desktop/test/calculator/MOD_32768_counter.vhd \
      EN work/MOD_32768_divider 1495303280
FL /home/abraham/Desktop/test/calculator/MOD_4_counter.vhd 2015/05/11.10:24:50 P.20131013
EN work/MOD_4_counter 1495303282 \
      FL /home/abraham/Desktop/test/calculator/MOD_4_counter.vhd \
      PB ieee/std_logic_1164 1381692176 PB ieee/STD_LOGIC_UNSIGNED 1381692179
AR work/MOD_4_counter/Behavioral 1495303283 \
      FL /home/abraham/Desktop/test/calculator/MOD_4_counter.vhd \
      EN work/MOD_4_counter 1495303282
FL /home/abraham/Desktop/test/calculator/reg_file.vhdl 2017/05/02.15:40:50 P.20131013
EN work/reg_file 1495303262 \
      FL /home/abraham/Desktop/test/calculator/reg_file.vhdl \
      PB ieee/std_logic_1164 1381692176
AR work/reg_file/behavioral 1495303263 \
      FL /home/abraham/Desktop/test/calculator/reg_file.vhdl EN work/reg_file 1495303262
